// Jest Snapshot v1, https://goo.gl/fbAQLP

exports[`AppointmentRequest should match snapshot 1`] = `
<View>
  <List
    containerStyle={
      Object {
        "borderBottomWidth": 0,
        "borderTopWidth": 0,
      }
    }
  >
    <FlatList
      ItemSeparatorComponent={[Function]}
      ListHeaderComponent={[Function]}
      data={Array []}
      disableVirtualization={false}
      horizontal={false}
      initialNumToRender={10}
      keyExtractor={[Function]}
      maxToRenderPerBatch={10}
      numColumns={1}
      onEndReachedThreshold={2}
      removeClippedSubviews={false}
      renderItem={[Function]}
      scrollEventThrottle={50}
      updateCellsBatchingPeriod={50}
      windowSize={21}
    />
  </List>
  <AppointmentRequestForm
    closeAppointmentRequestForm={[Function]}
    modalVisible={false}
    selectedDate="2019-06-03"
    serviceProvider={Object {}}
  />
</View>
`;
