// Jest Snapshot v1, https://goo.gl/fbAQLP

exports[`AppointmentsReportPage should match snapshot 1`] = `undefined`;
