// Jest Snapshot v1, https://goo.gl/fbAQLP

exports[`AppointmentInfo should match snapshot 1`] = `undefined`;
