// Jest Snapshot v1, https://goo.gl/fbAQLP

exports[`AppointmentEdit should match snapshot 1`] = `undefined`;
